// Jest Snapshot v1, https://goo.gl/fbAQLP

exports[`MovieComponent should render 1`] = `
Array [
  <button
    className="MuiButtonBase-root MuiIconButton-root makeStyles-searchIcon-1"
    disabled={false}
    onBlur={[Function]}
    onDragLeave={[Function]}
    onFocus={[Function]}
    onKeyDown={[Function]}
    onKeyUp={[Function]}
    onMouseDown={[Function]}
    onMouseLeave={[Function]}
    onMouseUp={[Function]}
    onTouchEnd={[Function]}
    onTouchMove={[Function]}
    onTouchStart={[Function]}
    tabIndex={0}
    type="button"
  >
    <span
      className="MuiIconButton-label"
    >
      <a
        href="/"
        onClick={[Function]}
      >
        <svg
          aria-hidden={true}
          className="MuiSvgIcon-root MuiSvgIcon-fontSizeLarge"
          focusable="false"
          viewBox="0 0 24 24"
        >
          <path
            d="M15.5 14h-.79l-.28-.27C15.41 12.59 16 11.11 16 9.5 16 5.91 13.09 3 9.5 3S3 5.91 3 9.5 5.91 16 9.5 16c1.61 0 3.09-.59 4.23-1.57l.27.28v.79l5 4.99L20.49 19l-4.99-5zm-6 0C7.01 14 5 11.99 5 9.5S7.01 5 9.5 5 14 7.01 14 9.5 11.99 14 9.5 14z"
          />
        </svg>
      </a>
    </span>
    <span
      className="MuiTouchRipple-root"
    />
  </button>,
  <div
    className="MuiContainer-root MuiContainer-maxWidthLg"
  >
    <div
      className="makeStyles-displayFlex-2"
    >
      <img
        alt="<No title>"
        className="makeStyles-notVisible-12"
        height={500}
        onError={[Function]}
        onLoad={[Function]}
        src=""
        width={350}
      />
      <img
        alt="<No title>"
        className="makeStyles-visible-13"
        height={500}
        src="test-file-stub"
        width={350}
      />
      <div
        className="makeStyles-movieInfo-4 makeStyles-displayFlex-2 makeStyles-ml20-3"
      >
        <div
          className="makeStyles-infoRow-5 makeStyles-displayFlex-2"
        >
          <h3
            className="MuiTypography-root MuiTypography-h3"
          >
            &lt;No title&gt;
          </h3>
        </div>
        <h6
          className="MuiTypography-root makeStyles-infoRow-5 makeStyles-displayFlex-2 MuiTypography-subtitle1"
        >
          
        </h6>
        <div
          className="makeStyles-infoRow-5 makeStyles-displayFlex-2"
        >
          <h6
            className="MuiTypography-root MuiTypography-h6"
          />
          <h6
            className="MuiTypography-root makeStyles-ml20-3 MuiTypography-h6"
          >
            
          </h6>
        </div>
        <p
          className="MuiTypography-root MuiTypography-body1"
        >
          &lt;No description&gt;
        </p>
      </div>
    </div>
    <div
      className="makeStyles-flexSpaceBetween-15"
    >
      <div
        className="MuiTabs-root"
      >
        <div
          className="MuiTabs-scroller MuiTabs-fixed"
          onScroll={[Function]}
          style={
            Object {
              "marginBottom": null,
              "overflow": "hidden",
            }
          }
        >
          <div
            className="MuiTabs-flexContainer"
            onKeyDown={[Function]}
            role="tablist"
          >
            <button
              aria-selected={true}
              className="MuiButtonBase-root MuiTab-root makeStyles-root-19 MuiTab-textColorInherit Mui-selected"
              disabled={false}
              onBlur={[Function]}
              onClick={[Function]}
              onDragLeave={[Function]}
              onFocus={[Function]}
              onKeyDown={[Function]}
              onKeyUp={[Function]}
              onMouseDown={[Function]}
              onMouseLeave={[Function]}
              onMouseUp={[Function]}
              onTouchEnd={[Function]}
              onTouchMove={[Function]}
              onTouchStart={[Function]}
              role="tab"
              tabIndex={0}
              type="button"
            >
              <span
                className="MuiTab-wrapper"
              >
                all
              </span>
              <span
                className="MuiTouchRipple-root"
              />
            </button>
            <button
              aria-selected={false}
              className="MuiButtonBase-root MuiTab-root makeStyles-root-19 MuiTab-textColorInherit"
              disabled={false}
              onBlur={[Function]}
              onClick={[Function]}
              onDragLeave={[Function]}
              onFocus={[Function]}
              onKeyDown={[Function]}
              onKeyUp={[Function]}
              onMouseDown={[Function]}
              onMouseLeave={[Function]}
              onMouseUp={[Function]}
              onTouchEnd={[Function]}
              onTouchMove={[Function]}
              onTouchStart={[Function]}
              role="tab"
              tabIndex={-1}
              type="button"
            >
              <span
                className="MuiTab-wrapper"
              >
                documentary
              </span>
              <span
                className="MuiTouchRipple-root"
              />
            </button>
            <button
              aria-selected={false}
              className="MuiButtonBase-root MuiTab-root makeStyles-root-19 MuiTab-textColorInherit"
              disabled={false}
              onBlur={[Function]}
              onClick={[Function]}
              onDragLeave={[Function]}
              onFocus={[Function]}
              onKeyDown={[Function]}
              onKeyUp={[Function]}
              onMouseDown={[Function]}
              onMouseLeave={[Function]}
              onMouseUp={[Function]}
              onTouchEnd={[Function]}
              onTouchMove={[Function]}
              onTouchStart={[Function]}
              role="tab"
              tabIndex={-1}
              type="button"
            >
              <span
                className="MuiTab-wrapper"
              >
                comedy
              </span>
              <span
                className="MuiTouchRipple-root"
              />
            </button>
            <button
              aria-selected={false}
              className="MuiButtonBase-root MuiTab-root makeStyles-root-19 MuiTab-textColorInherit"
              disabled={false}
              onBlur={[Function]}
              onClick={[Function]}
              onDragLeave={[Function]}
              onFocus={[Function]}
              onKeyDown={[Function]}
              onKeyUp={[Function]}
              onMouseDown={[Function]}
              onMouseLeave={[Function]}
              onMouseUp={[Function]}
              onTouchEnd={[Function]}
              onTouchMove={[Function]}
              onTouchStart={[Function]}
              role="tab"
              tabIndex={-1}
              type="button"
            >
              <span
                className="MuiTab-wrapper"
              >
                horror
              </span>
              <span
                className="MuiTouchRipple-root"
              />
            </button>
            <button
              aria-selected={false}
              className="MuiButtonBase-root MuiTab-root makeStyles-root-19 MuiTab-textColorInherit"
              disabled={false}
              onBlur={[Function]}
              onClick={[Function]}
              onDragLeave={[Function]}
              onFocus={[Function]}
              onKeyDown={[Function]}
              onKeyUp={[Function]}
              onMouseDown={[Function]}
              onMouseLeave={[Function]}
              onMouseUp={[Function]}
              onTouchEnd={[Function]}
              onTouchMove={[Function]}
              onTouchStart={[Function]}
              role="tab"
              tabIndex={-1}
              type="button"
            >
              <span
                className="MuiTab-wrapper"
              >
                crime
              </span>
              <span
                className="MuiTouchRipple-root"
              />
            </button>
          </div>
          <span
            className="PrivateTabIndicator-root-20 PrivateTabIndicator-colorSecondary-22 MuiTabs-indicator"
            style={
              Object {
                "left": 0,
                "width": 0,
              }
            }
          />
        </div>
      </div>
      <div
        className="MuiFormControl-root MuiTextField-root makeStyles-select-24 MuiFormControl-marginDense"
      >
        <label
          className="MuiFormLabel-root MuiInputLabel-root MuiInputLabel-formControl MuiInputLabel-animated MuiInputLabel-shrink MuiInputLabel-marginDense MuiInputLabel-outlined MuiFormLabel-filled"
          data-shrink={true}
        >
          SORT BY
        </label>
        <div
          className="MuiInputBase-root MuiOutlinedInput-root MuiInputBase-formControl MuiInputBase-marginDense MuiOutlinedInput-marginDense"
          onClick={[Function]}
        >
          <div
            aria-haspopup="listbox"
            className="MuiSelect-root MuiSelect-select MuiSelect-selectMenu MuiSelect-outlined MuiInputBase-input MuiOutlinedInput-input MuiInputBase-inputMarginDense MuiOutlinedInput-inputMarginDense"
            onBlur={[Function]}
            onFocus={[Function]}
            onKeyDown={[Function]}
            onMouseDown={[Function]}
            role="button"
            tabIndex={0}
          >
            RELEASE DATE
          </div>
          <input
            aria-hidden={true}
            autoFocus={false}
            className="MuiSelect-nativeInput"
            onAnimationStart={[Function]}
            onChange={[Function]}
            required={false}
            tabIndex={-1}
            value="release_date"
          />
          <svg
            aria-hidden={true}
            className="MuiSvgIcon-root MuiSelect-icon MuiSelect-iconOutlined"
            focusable="false"
            viewBox="0 0 24 24"
          >
            <path
              d="M7 10l5 5 5-5z"
            />
          </svg>
          <fieldset
            aria-hidden={true}
            className="PrivateNotchedOutline-root-25 MuiOutlinedInput-notchedOutline"
          >
            <legend
              className="PrivateNotchedOutline-legendLabelled-27 PrivateNotchedOutline-legendNotched-28"
            >
              <span>
                SORT BY
              </span>
            </legend>
          </fieldset>
        </div>
      </div>
    </div>
    <div
      className="makeStyles-emptyMoviesList-14"
    >
      <h1>
        No movies found
      </h1>
    </div>
  </div>,
]
`;
